// Vitest Snapshot v1, https://vitest.dev/guide/snapshot.html

exports[`TokenContractVerifier.ts > getContracts: should match snapshot 1`] = `
[
  {
    "address": "0x90dd5250fd06b9e6e3d048caf7f26da609cb67cc",
  },
  {
    "address": "0xba3c51fc0ff32e26fe3a6bc5f001d933bdee9dd3",
  },
  {
    "address": "0xcc34062115ac818ae567daec69c29e3d8e16f1ec",
  },
  {
    "address": "0x62153519c210d21f1b67de11cf60d6f467190707",
  },
  {
    "address": "0x93d027ecabf0b383f61cfad54d7d8fcae7972d33",
  },
  {
    "address": "0x0e03350d11f24839373262143b46d8d68e5e6649",
  },
  {
    "address": "0x03701c609ea55bfe68ad06fc36760cb25317edba",
  },
  {
    "address": "0xcc9f3144f1e57d4e3be528442452912ffcaa7b3c",
  },
  {
    "address": "0x2e407758a16fa3f7d464ba6146c3cc7f1854a089",
  },
  {
    "address": "0x9674f70c5ceb61f990977d325abf2c0201a4c520",
  },
  {
    "address": "0x4fd715125cd4e604a89130a8d573db91b086cb60",
  },
  {
    "address": "0x58f5a2711c7464b950361529ca81713b35d487b1",
  },
  {
    "address": "0xdeb76598edce92ae77f2d4f88542ed2c91b8de82",
  },
  {
    "address": "0x263a5ad450bd51cea3c818ba87c80608cb283508",
  },
  {
    "address": "0x391d0aa2efaaddc7ccb7f0dc2a1e9336719085c8",
  },
  {
    "address": "0x5de9ff054084071ca111f35180cb44c2e413be92",
  },
  {
    "address": "0x5433f79e82c136c9c2dc2f48d229627f7920acaf",
  },
  {
    "address": "0xe1fc830bf20308cbba2b248c543e305b979a64ec",
  },
  {
    "address": "0x3cfdf9646dbc385e47dc07869626ea36be7ba3a2",
  },
  {
    "address": "0xd23bf69104cc640e68ebee83b9833d6db6f220e6",
  },
  {
    "address": "0x737b13202150ad597b72f77553b0ae30bb0c69e8",
  },
  {
    "address": "0xec22b69767b5edd55b7dc6a4b6fd9ba4d0b3d320",
  },
  {
    "address": "0xce33621c656f68fc35a461b7c9b09d90b9a1d548",
  },
  {
    "address": "0x9a213f53334279c128c37da962e5472ecd90554f",
  },
  {
    "address": "0xc55a98c1b3b0942883bb37df9716bea42d7d5009",
  },
  {
    "address": "0x12604a5b388a1e1834693bfe94dddf81a60b56a2",
  },
  {
    "address": "0xd516492bb58f07bc91c972dccb2df654653d4d33",
  },
]
`;
