// Vitest Snapshot v1, https://vitest.dev/guide/snapshot.html

exports[`index.ts > export: should match snapshot 1`] = `
[
  "InitCapitalContractVerifier",
]
`;
