// Vitest Snapshot v1, https://vitest.dev/guide/snapshot.html

exports[`exports - internal/index: should match snapshot 1`] = `
[
  "validateActionData",
  "zodAddress",
  "zodAddressNonZero",
  "zodHex",
  "ContractVerifier",
  "verifyContract",
  "BlockExplorerParams",
  "ContractInfo",
  "ContractVerifierCallback",
]
`;
