// Vitest Snapshot v1, https://vitest.dev/guide/snapshot.html

exports[`types/index.ts > should match the snapshot 1`] = `
[
  "InfinitCache",
  "OffChainActionCallback",
  "OnChainActionCallback",
  "ContractVerifierCallback",
]
`;
