// Vitest Snapshot v1, https://vitest.dev/guide/snapshot.html

exports[`utils/verifier/index.ts > export: should match snapshot 1`] = `
[
  "BaseContractVerifier",
  "verifyContract",
  "BlockExplorerParams",
  "ContractInfo",
  "ContractVerifierCallback",
]
`;
