// Vitest Snapshot v1, https://vitest.dev/guide/snapshot.html

exports[`exports - errors: should match snapshot 1`] = `
[
  "FoundInvalidCachedTxError",
  "IncorrectCacheError",
  "ContractValidateError",
  "DirectoryNotFoundError",
  "InfinitWalletNotFoundError",
  "TransactionError",
  "ContractNotFoundError",
  "TxNotFoundError",
  "InvalidEventError",
  "ValidateInputValueError",
  "ValidateLengthError",
  "ValidateInputZeroAddressError",
  "ValueNotFoundError",
]
`;
